// Jest Snapshot v1, https://goo.gl/fbAQLP

exports[`matches snapshot 1`] = `
<DocumentFragment>
  <h3
    class="MuiTypography-root MuiTypography-h3 MuiTypography-alignCenter MuiTypography-gutterBottom css-14v45o4-MuiTypography-root"
  />
  <div
    class="MuiContainer-root MuiContainer-maxWidthMd css-jcfe1v-MuiContainer-root"
  >
    <div
      class="MuiGrid-root MuiGrid-container MuiGrid-spacing-xs-4 css-480o17-MuiGrid-root"
    />
  </div>
</DocumentFragment>
`;
