// Jest Snapshot v1, https://goo.gl/fbAQLP

exports[`matches snapshot 1`] = `
<DocumentFragment>
  <div
    class="App"
  >
    <div
      class="MuiBox-root css-k008qs"
    >
      <div
        class="MuiDrawer-root MuiDrawer-docked css-64ccy7-MuiDrawer-docked"
      >
        <div
          class="MuiPaper-root MuiPaper-elevation MuiPaper-elevation0 MuiDrawer-paper MuiDrawer-paperAnchorRight MuiDrawer-paperAnchorDockedRight css-18sg6k4-MuiPaper-root-MuiDrawer-paper"
          style="visibility: hidden; webkit-transform: translateX(1024px); transform: translateX(1024px);"
        >
          <div
            class="MuiBox-root css-rl38ki"
          >
            <button
              class="MuiButtonBase-root MuiButton-root MuiButton-outlined MuiButton-outlinedPrimary MuiButton-sizeSmall MuiButton-outlinedSizeSmall MuiButton-root MuiButton-outlined MuiButton-outlinedPrimary MuiButton-sizeSmall MuiButton-outlinedSizeSmall css-dc6mh8-MuiButtonBase-root-MuiButton-root"
              tabindex="0"
              type="button"
            >
              Close
              <span
                class="MuiTouchRipple-root css-8je8zh-MuiTouchRipple-root"
              />
            </button>
            <button
              class="MuiButtonBase-root MuiButton-root MuiButton-outlined MuiButton-outlinedPrimary MuiButton-sizeSmall MuiButton-outlinedSizeSmall MuiButton-root MuiButton-outlined MuiButton-outlinedPrimary MuiButton-sizeSmall MuiButton-outlinedSizeSmall css-dc6mh8-MuiButtonBase-root-MuiButton-root"
              tabindex="0"
              type="button"
            >
              Clear Cart
              <span
                class="MuiTouchRipple-root css-8je8zh-MuiTouchRipple-root"
              />
            </button>
          </div>
          <div
            class="MuiBox-root css-1hypl1z"
            role="presentation"
          >
            <div
              class="MuiTypography-root MuiTypography-h3 css-gepadz-MuiTypography-root"
            >
              Your Cart
            </div>
          </div>
          <div
            class="MuiBox-root css-1c5ij41"
          >
            <hr
              class="MuiDivider-root MuiDivider-fullWidth css-9mgopn-MuiDivider-root"
            />
            <h3
              class="MuiTypography-root MuiTypography-h3 MuiTypography-alignRight css-5skc57-MuiTypography-root"
            >
              Total: $0.00
            </h3>
            <div
              class="MuiBox-root css-quj821"
            >
              <button
                class="MuiButtonBase-root MuiButton-root MuiButton-contained MuiButton-containedPrimary MuiButton-sizeLarge MuiButton-containedSizeLarge MuiButton-root MuiButton-contained MuiButton-containedPrimary MuiButton-sizeLarge MuiButton-containedSizeLarge css-1dqh41q-MuiButtonBase-root-MuiButton-root"
                tabindex="0"
                type="button"
              >
                <span
                  class="MuiButton-startIcon MuiButton-iconSizeLarge css-htszrh-MuiButton-startIcon"
                >
                  <svg
                    aria-hidden="true"
                    class="MuiSvgIcon-root MuiSvgIcon-fontSizeMedium css-i4bv87-MuiSvgIcon-root"
                    data-testid="ShoppingCartCheckoutIcon"
                    focusable="false"
                    viewBox="0 0 24 24"
                  >
                    <path
                      d="M7 18c-1.1 0-1.99.9-1.99 2S5.9 22 7 22s2-.9 2-2-.9-2-2-2zm10 0c-1.1 0-1.99.9-1.99 2s.89 2 1.99 2 2-.9 2-2-.9-2-2-2zm-8.9-5h7.45c.75 0 1.41-.41 1.75-1.03L21 4.96 19.25 4l-3.7 7H8.53L4.27 2H1v2h2l3.6 7.59-1.35 2.44C4.52 15.37 5.48 17 7 17h12v-2H7l1.1-2zM12 2l4 4-4 4-1.41-1.41L12.17 7H8V5h4.17l-1.59-1.59L12 2z"
                    />
                  </svg>
                </span>
                Go to Checkout
                <span
                  class="MuiTouchRipple-root css-8je8zh-MuiTouchRipple-root"
                />
              </button>
            </div>
          </div>
        </div>
      </div>
    </div>
    <nav
      class="MuiPaper-root MuiPaper-elevation MuiPaper-elevation4 MuiAppBar-root MuiAppBar-colorNeutral MuiAppBar-positionFixed mui-fixed css-1gfe18b-MuiPaper-root-MuiAppBar-root"
    >
      <div
        class="MuiToolbar-root MuiToolbar-gutters MuiToolbar-regular css-hyum1k-MuiToolbar-root"
      >
        <a
          aria-current="page"
          class="active"
          href="/"
        >
          <button
            class="MuiButtonBase-root MuiButton-root MuiButton-text MuiButton-textPrimary MuiButton-sizeLarge MuiButton-textSizeLarge MuiButton-root MuiButton-text MuiButton-textPrimary MuiButton-sizeLarge MuiButton-textSizeLarge css-1kkt4a1-MuiButtonBase-root-MuiButton-root"
            tabindex="0"
            type="button"
          >
            NoodleHut
            <span
              class="MuiTouchRipple-root css-8je8zh-MuiTouchRipple-root"
            />
          </button>
        </a>
        <a
          aria-current="page"
          class="active"
          href="/"
        >
          <button
            class="MuiButtonBase-root MuiButton-root MuiButton-text MuiButton-textInfo MuiButton-sizeMedium MuiButton-textSizeMedium MuiButton-root MuiButton-text MuiButton-textInfo MuiButton-sizeMedium MuiButton-textSizeMedium css-dfgewh-MuiButtonBase-root-MuiButton-root"
            tabindex="0"
            type="button"
          >
            Home
            <span
              class="MuiTouchRipple-root css-8je8zh-MuiTouchRipple-root"
            />
          </button>
        </a>
        <a
          class=""
          href="/menu"
        >
          <button
            class="MuiButtonBase-root MuiButton-root MuiButton-text MuiButton-textInfo MuiButton-sizeMedium MuiButton-textSizeMedium MuiButton-root MuiButton-text MuiButton-textInfo MuiButton-sizeMedium MuiButton-textSizeMedium css-dfgewh-MuiButtonBase-root-MuiButton-root"
            tabindex="0"
            type="button"
          >
            Menu
            <span
              class="MuiTouchRipple-root css-8je8zh-MuiTouchRipple-root"
            />
          </button>
        </a>
        <div
          class="MuiBox-root css-1uwjw6e"
        >
          <div
            class="MuiBox-root css-0"
          >
            <a
              class=""
              href="/signup"
            >
              <button
                class="MuiButtonBase-root MuiButton-root MuiButton-text MuiButton-textInfo MuiButton-sizeMedium MuiButton-textSizeMedium MuiButton-root MuiButton-text MuiButton-textInfo MuiButton-sizeMedium MuiButton-textSizeMedium css-dfgewh-MuiButtonBase-root-MuiButton-root"
                tabindex="0"
                type="button"
              >
                Sign Up
                <span
                  class="MuiTouchRipple-root css-8je8zh-MuiTouchRipple-root"
                />
              </button>
            </a>
            <a
              class=""
              href="/signin"
            >
              <button
                class="MuiButtonBase-root MuiButton-root MuiButton-text MuiButton-textInfo MuiButton-sizeMedium MuiButton-textSizeMedium MuiButton-root MuiButton-text MuiButton-textInfo MuiButton-sizeMedium MuiButton-textSizeMedium css-dfgewh-MuiButtonBase-root-MuiButton-root"
                tabindex="0"
                type="button"
              >
                Sign In
                <span
                  class="MuiTouchRipple-root css-8je8zh-MuiTouchRipple-root"
                />
              </button>
            </a>
            <a
              aria-current="page"
              class="active"
              href="/"
            >
              <button
                aria-label="cart"
                class="MuiButtonBase-root MuiIconButton-root MuiIconButton-sizeMedium css-78trlr-MuiButtonBase-root-MuiIconButton-root"
                tabindex="0"
                type="button"
              >
                <span
                  class="MuiBadge-root css-617q51-MuiBadge-root"
                >
                  <svg
                    aria-hidden="true"
                    class="MuiSvgIcon-root MuiSvgIcon-fontSizeMedium css-i4bv87-MuiSvgIcon-root"
                    data-testid="ShoppingCartIcon"
                    focusable="false"
                    viewBox="0 0 24 24"
                  >
                    <path
                      d="M7 18c-1.1 0-1.99.9-1.99 2S5.9 22 7 22s2-.9 2-2-.9-2-2-2zM1 2v2h2l3.6 7.59-1.35 2.45c-.16.28-.25.61-.25.96 0 1.1.9 2 2 2h12v-2H7.42c-.14 0-.25-.11-.25-.25l.03-.12.9-1.63h7.45c.75 0 1.41-.41 1.75-1.03l3.58-6.49c.08-.14.12-.31.12-.48 0-.55-.45-1-1-1H5.21l-.94-2H1zm16 16c-1.1 0-1.99.9-1.99 2s.89 2 1.99 2 2-.9 2-2-.9-2-2-2z"
                    />
                  </svg>
                  <span
                    class="MuiBadge-badge MuiBadge-standard MuiBadge-invisible MuiBadge-anchorOriginTopRight MuiBadge-anchorOriginTopRightRectangular MuiBadge-overlapRectangular MuiBadge-colorSecondary css-1kwv2p4-MuiBadge-badge"
                  />
                </span>
                <span
                  class="MuiTouchRipple-root css-8je8zh-MuiTouchRipple-root"
                />
              </button>
            </a>
          </div>
        </div>
      </div>
    </nav>
    <div
      class="MuiContainer-root MuiContainer-maxWidthLg css-n9njem-MuiContainer-root"
    >
      <div
        class="MuiBox-root css-1l4w6pd"
      >
        <img
          alt="food image"
          class="MuiBox-root css-1yzt9ut"
          src="hero.jpg"
        />
      </div>
      <h1
        class="MuiTypography-root MuiTypography-h2 MuiTypography-alignCenter MuiTypography-gutterBottom title css-1gjpbx8-MuiTypography-root"
      >
        NoodleHut
      </h1>
      <p
        class="MuiTypography-root MuiTypography-h5 MuiTypography-alignCenter MuiTypography-paragraph css-17rfbpd-MuiTypography-root"
      >
        Thai home-style coocking. We serve authentically traditional Thai dishes.
        <br />
        No dine-in. This is a take-out restaurant.
      </p>
      <a
        href="/menu"
      >
        <div
          class="MuiBox-root css-xi606m"
        >
          <button
            class="MuiButtonBase-root MuiButton-root MuiButton-contained MuiButton-containedPrimary MuiButton-sizeMedium MuiButton-containedSizeMedium MuiButton-root MuiButton-contained MuiButton-containedPrimary MuiButton-sizeMedium MuiButton-containedSizeMedium css-23sh56-MuiButtonBase-root-MuiButton-root"
            tabindex="0"
            type="button"
          >
            <span
              class="MuiButton-startIcon MuiButton-iconSizeMedium css-1d6wzja-MuiButton-startIcon"
            >
              <svg
                aria-hidden="true"
                class="MuiSvgIcon-root MuiSvgIcon-fontSizeMedium css-i4bv87-MuiSvgIcon-root"
                data-testid="RestaurantIcon"
                focusable="false"
                viewBox="0 0 24 24"
              >
                <path
                  d="M11 9H9V2H7v7H5V2H3v7c0 2.12 1.66 3.84 3.75 3.97V22h2.5v-9.03C11.34 12.84 13 11.12 13 9V2h-2v7zm5-3v8h2.5v8H21V2c-2.76 0-5 2.24-5 4z"
                />
              </svg>
            </span>
            Care to order?
            <span
              class="MuiTouchRipple-root css-8je8zh-MuiTouchRipple-root"
            />
          </button>
        </div>
      </a>
      <footer
        class="MuiBox-root css-byqtsl"
      >
        <div
          class="MuiGrid-root MuiGrid-container MuiGrid-spacing-xs-3 MuiGrid-spacing-md-5 css-2rm95u-MuiGrid-root"
        >
          <div
            class="MuiGrid-root MuiGrid-item MuiGrid-grid-xs-2 MuiGrid-grid-sm-4 MuiGrid-grid-md-4 css-507lne-MuiGrid-root"
          >
            <div
              class="MuiBox-root css-0"
            >
              <div
                class="MuiTypography-root MuiTypography-h5 MuiTypography-alignCenter css-378fdf-MuiTypography-root"
              >
                Visit
              </div>
              <div
                class="MuiStack-root css-1rlitzi-MuiStack-root"
              >
                <svg
                  aria-hidden="true"
                  class="MuiSvgIcon-root MuiSvgIcon-colorPrimary MuiSvgIcon-fontSizeLarge css-3yhbhv-MuiSvgIcon-root"
                  data-testid="HomeIcon"
                  focusable="false"
                  viewBox="0 0 24 24"
                >
                  <path
                    d="M10 20v-6h4v6h5v-8h3L12 3 2 12h3v8z"
                  />
                </svg>
                <p
                  class="MuiTypography-root MuiTypography-body2 css-e784if-MuiTypography-root"
                >
                  8418 NoodleHut, Good, WA, United States
                </p>
              </div>
            </div>
          </div>
          <div
            class="MuiGrid-root MuiGrid-item MuiGrid-grid-xs-2 MuiGrid-grid-sm-4 MuiGrid-grid-md-4 css-507lne-MuiGrid-root"
          >
            <div
              class="MuiBox-root css-0"
            >
              <h5
                class="MuiTypography-root MuiTypography-h5 MuiTypography-alignCenter css-378fdf-MuiTypography-root"
              >
                Hours
              </h5>
              <p
                class="MuiTypography-root MuiTypography-body1 css-ahj2mt-MuiTypography-root"
              >
                Tue - Fri:
              </p>
              <p
                class="MuiTypography-root MuiTypography-body2 css-e784if-MuiTypography-root"
              >
                11:00 AM - 3:00 PM & 4:30 PM - 8:30 PM
              </p>
              <p
                class="MuiTypography-root MuiTypography-body1 css-ahj2mt-MuiTypography-root"
              >
                Sat:
              </p>
              <p
                class="MuiTypography-root MuiTypography-body2 css-e784if-MuiTypography-root"
              >
                12:00 PM - 3:00 PM & 4:30 PM - 8:30 PM
              </p>
              <p
                class="MuiTypography-root MuiTypography-body1 css-ahj2mt-MuiTypography-root"
              >
                Mon & Sun
              </p>
              <p
                class="MuiTypography-root MuiTypography-body2 css-e784if-MuiTypography-root"
              >
                Closed
              </p>
            </div>
          </div>
          <div
            class="MuiGrid-root MuiGrid-item MuiGrid-grid-xs-2 MuiGrid-grid-sm-4 MuiGrid-grid-md-4 css-507lne-MuiGrid-root"
          >
            <div
              class="MuiBox-root css-0"
            >
              <div
                class="MuiTypography-root MuiTypography-h5 MuiTypography-alignCenter css-378fdf-MuiTypography-root"
              >
                Contact
              </div>
              <div
                align="center"
                class="MuiStack-root css-1rlitzi-MuiStack-root"
              >
                <svg
                  aria-hidden="true"
                  class="MuiSvgIcon-root MuiSvgIcon-colorPrimary MuiSvgIcon-fontSizeLarge css-3yhbhv-MuiSvgIcon-root"
                  data-testid="ComputerIcon"
                  focusable="false"
                  viewBox="0 0 24 24"
                >
                  <path
                    d="M20 18c1.1 0 1.99-.9 1.99-2L22 6c0-1.1-.9-2-2-2H4c-1.1 0-2 .9-2 2v10c0 1.1.9 2 2 2H0v2h24v-2h-4zM4 6h16v10H4V6z"
                  />
                </svg>
                <p
                  class="MuiTypography-root MuiTypography-body2 css-e784if-MuiTypography-root"
                >
                  Developped by
                </p>
                <a
                  href="https://github.com/mariered0"
                >
                  Marie H.
                </a>
              </div>
            </div>
          </div>
        </div>
      </footer>
    </div>
  </div>
</DocumentFragment>
`;
